// Jest Snapshot v1, https://goo.gl/fbAQLP

exports[`NewsItem renders IconText component 1`] = `
Object {
  "asFragment": [Function],
  "baseElement": <body>
    <div>
      <div
        class="ant-space ant-space-horizontal ant-space-align-center"
      >
        <div
          class="ant-space-item"
          style="margin-right: 8px;"
        >
          <span
            aria-label="star"
            class="anticon anticon-star"
            role="img"
          >
            <svg
              aria-hidden="true"
              data-icon="star"
              fill="currentColor"
              focusable="false"
              height="1em"
              viewBox="64 64 896 896"
              width="1em"
            >
              <path
                d="M512.5 190.4l-94.4 191.3-211.2 30.7 152.8 149-36.1 210.3 188.9-99.3 188.9 99.2-36.1-210.3 152.8-148.9-211.2-30.7z"
                fill="#e6f7ff"
              />
              <path
                d="M908.6 352.8l-253.9-36.9L541.2 85.8c-3.1-6.3-8.2-11.4-14.5-14.5-15.8-7.8-35-1.3-42.9 14.5L370.3 315.9l-253.9 36.9c-7 1-13.4 4.3-18.3 9.3a32.05 32.05 0 00.6 45.3l183.7 179.1L239 839.4a31.95 31.95 0 0046.4 33.7l227.1-119.4 227.1 119.4c6.2 3.3 13.4 4.4 20.3 3.2 17.4-3 29.1-19.5 26.1-36.9l-43.4-252.9 183.7-179.1c5-4.9 8.3-11.3 9.3-18.3 2.7-17.5-9.5-33.7-27-36.3zM665.3 561.3l36.1 210.3-188.9-99.2-188.9 99.3 36.1-210.3-152.8-149 211.2-30.7 94.4-191.3 94.4 191.3 211.2 30.7-152.8 148.9z"
                fill="#1890ff"
              />
            </svg>
          </span>
        </div>
        <div
          class="ant-space-item"
        >
          test
        </div>
      </div>
    </div>
  </body>,
  "container": <div>
    <div
      class="ant-space ant-space-horizontal ant-space-align-center"
    >
      <div
        class="ant-space-item"
        style="margin-right: 8px;"
      >
        <span
          aria-label="star"
          class="anticon anticon-star"
          role="img"
        >
          <svg
            aria-hidden="true"
            data-icon="star"
            fill="currentColor"
            focusable="false"
            height="1em"
            viewBox="64 64 896 896"
            width="1em"
          >
            <path
              d="M512.5 190.4l-94.4 191.3-211.2 30.7 152.8 149-36.1 210.3 188.9-99.3 188.9 99.2-36.1-210.3 152.8-148.9-211.2-30.7z"
              fill="#e6f7ff"
            />
            <path
              d="M908.6 352.8l-253.9-36.9L541.2 85.8c-3.1-6.3-8.2-11.4-14.5-14.5-15.8-7.8-35-1.3-42.9 14.5L370.3 315.9l-253.9 36.9c-7 1-13.4 4.3-18.3 9.3a32.05 32.05 0 00.6 45.3l183.7 179.1L239 839.4a31.95 31.95 0 0046.4 33.7l227.1-119.4 227.1 119.4c6.2 3.3 13.4 4.4 20.3 3.2 17.4-3 29.1-19.5 26.1-36.9l-43.4-252.9 183.7-179.1c5-4.9 8.3-11.3 9.3-18.3 2.7-17.5-9.5-33.7-27-36.3zM665.3 561.3l36.1 210.3-188.9-99.2-188.9 99.3 36.1-210.3-152.8-149 211.2-30.7 94.4-191.3 94.4 191.3 211.2 30.7-152.8 148.9z"
              fill="#1890ff"
            />
          </svg>
        </span>
      </div>
      <div
        class="ant-space-item"
      >
        test
      </div>
    </div>
  </div>,
  "debug": [Function],
  "findAllByAltText": [Function],
  "findAllByDisplayValue": [Function],
  "findAllByLabelText": [Function],
  "findAllByPlaceholderText": [Function],
  "findAllByRole": [Function],
  "findAllByTestId": [Function],
  "findAllByText": [Function],
  "findAllByTitle": [Function],
  "findByAltText": [Function],
  "findByDisplayValue": [Function],
  "findByLabelText": [Function],
  "findByPlaceholderText": [Function],
  "findByRole": [Function],
  "findByTestId": [Function],
  "findByText": [Function],
  "findByTitle": [Function],
  "getAllByAltText": [Function],
  "getAllByDisplayValue": [Function],
  "getAllByLabelText": [Function],
  "getAllByPlaceholderText": [Function],
  "getAllByRole": [Function],
  "getAllByTestId": [Function],
  "getAllByText": [Function],
  "getAllByTitle": [Function],
  "getByAltText": [Function],
  "getByDisplayValue": [Function],
  "getByLabelText": [Function],
  "getByPlaceholderText": [Function],
  "getByRole": [Function],
  "getByTestId": [Function],
  "getByText": [Function],
  "getByTitle": [Function],
  "queryAllByAltText": [Function],
  "queryAllByDisplayValue": [Function],
  "queryAllByLabelText": [Function],
  "queryAllByPlaceholderText": [Function],
  "queryAllByRole": [Function],
  "queryAllByTestId": [Function],
  "queryAllByText": [Function],
  "queryAllByTitle": [Function],
  "queryByAltText": [Function],
  "queryByDisplayValue": [Function],
  "queryByLabelText": [Function],
  "queryByPlaceholderText": [Function],
  "queryByRole": [Function],
  "queryByTestId": [Function],
  "queryByText": [Function],
  "queryByTitle": [Function],
  "rerender": [Function],
  "unmount": [Function],
}
`;
